-I: 100 pc 0x04000234 tst_idx 0 lp 0 tp 1 ret->TP
-I: 100 pc 0x04000235 tst_idx 1 lp 0 tp 1 ret->TP
-I: 100 pc 0x04000235 tst_idx 2 lp 1 tp 1 ret->TP
-I: 100 pc 0x04000259 tst_idx 3 lp 0 tp 1 ret->TP
-I: 100 pc 0x0400025a tst_idx 4 lp 0 tp 1 ret->TP
-I: 100 pc 0x0400025a tst_idx 5 lp 0 tp 0 ret->TP
-I: 100 pc 0x0400025b tst_idx 6 lp 0 tp 1 ret->TP
-I: 100 pc 0x0400025b tst_idx 7 lp 0 tp 0 ret->TP
-I: 100 pc 0x0400025c tst_idx 8 lp 0 tp 1 ret->TP
-I: 100 pc 0x0400025c tst_idx 9 lp 0 tp 0 ret->TP
-I: 100 pc 0x0400025c tst_idx 10 lp 0 tp 0 ret->TP
-I: 100 pc 0x0400025d tst_idx 11 lp 0 tp 1 ret->TP
-I: 100 pc 0x0400025e tst_idx 12 lp 0 tp 1 ret->TP
-I: 100 pc 0x0400025e tst_idx 13 lp 0 tp 0 ret->TP
-I: 100 pc 0x04000239 tst_idx 14 lp 0 tp 1 ret->TP
-I: 100 pc 0x04000255 tst_idx 15 lp 0 tp 1 ret->TP
-I: 100 pc 0x04000255 tst_idx 16 lp 1 tp 1 ret->TP
-I: 100 pc 0x04000255 tst_idx 17 lp 1 tp 1 ret->TP
-I: 100 pc 0x0400023b tst_idx 18 lp 0 tp 1 ret->TP
-I: 100 pc 0x0400023b tst_idx 19 lp 1 tp 1 ret->TP
-I: 100 pc 0x04000234 tst_idx 20 lp 0 tp 0 ret->TP
-I: 100 pc 0x04000235 tst_idx 21 lp 1 tp 1 ret->TP
-I: 100 pc 0x04000235 tst_idx 22 lp 1 tp 1 ret->TP
-I: 100 pc 0x04000259 tst_idx 23 lp 0 tp 0 ret->TP
-I: 100 pc 0x0400025a tst_idx 24 lp 0 tp 0 ret->TP
-I: 100 pc 0x0400025a tst_idx 25 lp 0 tp 0 ret->TP
-I: 100 pc 0x0400025b tst_idx 26 lp 0 tp 0 ret->TP
-I: 100 pc 0x0400025b tst_idx 27 lp 0 tp 0 ret->TP
-I: 100 pc 0x0400025c tst_idx 28 lp 0 tp 0 ret->TP
-I: 100 pc 0x0400025c tst_idx 29 lp 0 tp 0 ret->TP
-I: 100 pc 0x0400025c tst_idx 30 lp 0 tp 0 ret->TP
-I: 100 pc 0x0400025d tst_idx 31 lp 1 tp 1 ret->TP
-I: 100 pc 0x0400025e tst_idx 32 lp 1 tp 1 ret->TP
-I: 100 pc 0x0400025e tst_idx 33 lp 1 tp 0 ret->TP
-I: 100 pc 0x04000239 tst_idx 34 lp 1 tp 1 ret->TP
-I: 100 pc 0x04000255 tst_idx 35 lp 1 tp 1 ret->TP
-I: 100 pc 0x04000255 tst_idx 36 lp 1 tp 1 ret->TP
-I: 100 pc 0x04000255 tst_idx 37 lp 1 tp 1 ret->TP
-I: 100 pc 0x0400023b tst_idx 38 lp 1 tp 1 ret->TP
-I: 100 pc 0x0400023b tst_idx 39 lp 1 tp 1 ret->TP
-I: 100 pc 0x04000234 tst_idx 40 lp 0 tp 0 ret->TP
-I: 100 pc 0x04000235 tst_idx 41 lp 1 tp 1 ret->TP
-I: 100 pc 0x04000235 tst_idx 42 lp 1 tp 1 ret->TP
-I: 100 pc 0x04000259 tst_idx 43 lp 0 tp 0 ret->TP
-I: 100 pc 0x0400025a tst_idx 44 lp 0 tp 0 ret->TP
-I: 100 pc 0x0400025a tst_idx 45 lp 0 tp 0 ret->TP
-I: 100 pc 0x0400025b tst_idx 46 lp 0 tp 0 ret->TP
-I: 100 pc 0x0400025b tst_idx 47 lp 0 tp 0 ret->TP
-I: 100 pc 0x0400025c tst_idx 48 lp 0 tp 0 ret->TP
-I: 100 pc 0x0400025c tst_idx 49 lp 0 tp 0 ret->TP
-I: 100 pc 0x0400025c tst_idx 50 lp 0 tp 0 ret->TP
-I: 100 pc 0x0400025d tst_idx 51 lp 1 tp 1 ret->TP
-I: 100 pc 0x0400025e tst_idx 52 lp 0 tp 0 ret->TP
-I: 100 pc 0x0400025e tst_idx 53 lp 1 tp 1 ret->TP
-I: 100 pc 0x04000239 tst_idx 54 lp 1 tp 1 ret->TP
-I: 100 pc 0x04000255 tst_idx 55 lp 1 tp 1 ret->TP
-I: 100 pc 0x04000255 tst_idx 56 lp 1 tp 1 ret->TP
-I: 100 pc 0x04000255 tst_idx 57 lp 1 tp 1 ret->TP
-I: 100 pc 0x0400023b tst_idx 58 lp 1 tp 1 ret->TP
-I: 100 pc 0x0400023b tst_idx 59 lp 1 tp 1 ret->TP
-I: 100 pc 0x04000234 tst_idx 60 lp 0 tp 0 ret->TP
-I: 100 pc 0x04000235 tst_idx 61 lp 1 tp 1 ret->TP
-I: 100 pc 0x04000235 tst_idx 62 lp 1 tp 1 ret->TP
-I: 100 pc 0x04000259 tst_idx 63 lp 0 tp 0 ret->TP
-I: 100 pc 0x0400025a tst_idx 64 lp 0 tp 0 ret->TP
